python : Traceback 
(most recent call 
last):
At line:1 char:1
+ python execution/tes
t_alf_referral.py > 
test_log.txt 2>&1
+ ~~~~~~~~~~~~~~~~~~~~
~~~~~~~~~~~~~~~~~~~~~~
~~~~~~~~~~~~~~~
    + CategoryInfo    
          : NotSpeci  
  fied: (Traceback    
 (most recent call    
 last)::String) [    
], RemoteExceptio    n
    + FullyQualifiedE 
   rrorId : NativeCo  
  mmandError
 
  File "C:\Users\nearm
\.gemini\antigravity\p
layground\empire-unifi
ed\execution\test_alf_
referral.py", line 
37, in <module>
    test_alf_flow()
    ~~~~~~~~~~~~~^^
  File "C:\Users\nearm
\.gemini\antigravity\p
layground\empire-unifi
ed\execution\test_alf_
referral.py", line 
14, in test_alf_flow
    print("\u2705 DB 
Connected. Attempting 
Referral Creation...")
    ~~~~~^^^^^^^^^^^^^
^^^^^^^^^^^^^^^^^^^^^^
^^^^^^^^^^^^^^^^^
  File "C:\Python313\L
ib\encodings\cp1252.py
", line 19, in encode
    return codecs.char
map_encode(input,self.
errors,encoding_table)
[0]
           ~~~~~~~~~~~
~~~~~~~~~~^^^^^^^^^^^^
^^^^^^^^^^^^^^^^^^^^^^
UnicodeEncodeError: 
'charmap' codec can't 
encode character 
'\u2705' in position 
0: character maps to 
<undefined>
